ababababababababababababab<<<<<<<<<<<<<<<<<<<<<<<<ababababababababababababa<<<<<<<<<<<<<<<<<<<<<<<abababababababababababab<<<<<<<<<<<<<<<<<<<<<<abababababababababababa<<<<<<<<<<<<<<<<<<<<<ababababababababababab<<<<<<<<<<<<<<<<<<<<ababababababababababa<<<<<<<<<<<<<<<<<<<abababababababababab<<<<<<<<<<<<<<<<<<abababababababababa<<<<<<<<<<<<<<<<<ababababababababab<<<<<<<<<<<<<<<<ababababababababa<<<<<<<<<<<<<<<abababababababab<<<<<<<<<<<<<<abababababababa<<<<<<<<<<<<<ababababababab<<<<<<<<<<<<ababababababa<<<<<<<<<<<abababababab<<<<<<<<<<abababababa<<<<<<<<<ababababab<<<<<<<<ababababa<<<<<<<abababab<<<<<<abababa<<<<<ababab<<<<ababa<<<abab<<aba<ab
