117
vet ej
finns ej
vet ej
vet ej
vet ej
vet ej
vet ej
vet ej
vet ej
vet ej
vet ej
vet ej
vet ej
vet ej
vet ej
vet ej
vet ej
83
finns ej
vet ej
vet ej
vet ej
vet ej
vet ej
vet ej
vet ej
vet ej
vet ej
vet ej
vet ej
vet ej
vet ej
vet ej
vet ej
vet ej
vet ej
vet ej
vet ej
vet ej
vet ej
vet ej
vet ej
vet ej
vet ej
vet ej
341
finns ej
vet ej
vet ej
finns ej
vet ej
vet ej
vet ej
vet ej
vet ej
vet ej
vet ej
vet ej
vet ej
finns ej
279
vet ej
vet ej
vet ej
vet ej
vet ej
vet ej
vet ej
vet ej
349
vet ej
vet ej
vet ej
finns ej
vet ej
finns ej
finns ej
vet ej
vet ej
vet ej
vet ej
vet ej
vet ej
vet ej
366
vet ej
vet ej
vet ej
finns ej
vet ej
135
vet ej
vet ej
vet ej
vet ej
100
vet ej
vet ej
276
vet ej
finns ej
vet ej
vet ej
vet ej
vet ej
vet ej
vet ej
finns ej
vet ej
vet ej
vet ej
vet ej
vet ej
117
vet ej
vet ej
vet ej
vet ej
vet ej
vet ej
vet ej
vet ej
vet ej
vet ej
vet ej
vet ej
vet ej
vet ej
vet ej
vet ej
366
201
vet ej
finns ej
vet ej
vet ej
vet ej
vet ej
54
finns ej
vet ej
vet ej
vet ej
vet ej
vet ej
finns ej
vet ej
vet ej
finns ej
vet ej
vet ej
vet ej
118
vet ej
finns ej
vet ej
vet ej
vet ej
346
vet ej
345
vet ej
vet ej
vet ej
vet ej
vet ej
198
vet ej
vet ej
vet ej
vet ej
finns ej
303
vet ej
vet ej
vet ej
vet ej
vet ej
vet ej
finns ej
finns ej
vet ej
finns ej
vet ej
vet ej
vet ej
vet ej
vet ej
vet ej
vet ej
vet ej
vet ej
vet ej
vet ej
vet ej
vet ej
vet ej
finns ej
finns ej
vet ej
230
vet ej
finns ej
vet ej
vet ej
vet ej
finns ej
finns ej
vet ej
finns ej
vet ej
vet ej
finns ej
vet ej
vet ej
finns ej
vet ej
vet ej
vet ej
vet ej
finns ej
135
160
vet ej
vet ej
vet ej
vet ej
vet ej
finns ej
vet ej
vet ej
vet ej
vet ej
vet ej
vet ej
vet ej
vet ej
finns ej
vet ej
vet ej
vet ej
finns ej
192
vet ej
340
finns ej
vet ej
vet ej
finns ej
finns ej
vet ej
vet ej
vet ej
finns ej
vet ej
vet ej
vet ej
vet ej
vet ej
vet ej
209
vet ej
finns ej
vet ej
vet ej
76
finns ej
vet ej
finns ej
vet ej
vet ej
vet ej
finns ej
finns ej
vet ej
vet ej
vet ej
vet ej
finns ej
vet ej
381
vet ej
vet ej
vet ej
vet ej
finns ej
vet ej
vet ej
vet ej
vet ej
385
vet ej
finns ej
vet ej
vet ej
vet ej
finns ej
finns ej
vet ej
241
finns ej
vet ej
finns ej
vet ej
vet ej
vet ej
vet ej
vet ej
finns ej
finns ej
vet ej
295
vet ej
finns ej
vet ej
finns ej
finns ej
vet ej
vet ej
vet ej
vet ej
vet ej
finns ej
26
vet ej
finns ej
vet ej
vet ej
vet ej
finns ej
vet ej
vet ej
finns ej
vet ej
vet ej
vet ej
finns ej
374
127
vet ej
vet ej
vet ej
vet ej
vet ej
vet ej
208
vet ej
vet ej
vet ej
vet ej
vet ej
finns ej
vet ej
vet ej
finns ej
vet ej
vet ej
vet ej
vet ej
239
vet ej
76
finns ej
vet ej
finns ej
vet ej
finns ej
finns ej
finns ej
finns ej
vet ej
vet ej
vet ej
vet ej
vet ej
vet ej
vet ej
304
384
finns ej
finns ej
vet ej
230
finns ej
vet ej
finns ej
vet ej
finns ej
vet ej
vet ej
finns ej
vet ej
vet ej
vet ej
vet ej
vet ej
finns ej
vet ej
vet ej
