vet ej
vet ej
vet ej
vet ej
finns ej
vet ej
vet ej
vet ej
vet ej
vet ej
finns ej
vet ej
vet ej
vet ej
vet ej
vet ej
149
finns ej
vet ej
vet ej
vet ej
finns ej
vet ej
vet ej
finns ej
vet ej
vet ej
vet ej
vet ej
vet ej
492
vet ej
vet ej
181
vet ej
finns ej
vet ej
vet ej
vet ej
vet ej
vet ej
64
vet ej
vet ej
vet ej
vet ej
vet ej
finns ej
vet ej
vet ej
vet ej
vet ej
158
vet ej
finns ej
158
vet ej
vet ej
vet ej
vet ej
vet ej
finns ej
vet ej
42
vet ej
vet ej
45
vet ej
vet ej
vet ej
vet ej
vet ej
vet ej
vet ej
vet ej
vet ej
vet ej
vet ej
finns ej
vet ej
471
vet ej
vet ej
finns ej
313
vet ej
vet ej
vet ej
vet ej
vet ej
finns ej
vet ej
250
vet ej
vet ej
vet ej
vet ej
vet ej
vet ej
vet ej
vet ej
vet ej
vet ej
vet ej
vet ej
vet ej
finns ej
vet ej
finns ej
vet ej
vet ej
vet ej
vet ej
vet ej
vet ej
154
vet ej
vet ej
vet ej
finns ej
vet ej
100
16
vet ej
vet ej
vet ej
vet ej
vet ej
vet ej
vet ej
149
vet ej
vet ej
vet ej
vet ej
vet ej
vet ej
vet ej
vet ej
vet ej
vet ej
vet ej
finns ej
vet ej
vet ej
vet ej
241
vet ej
vet ej
vet ej
vet ej
vet ej
vet ej
vet ej
vet ej
vet ej
vet ej
vet ej
vet ej
vet ej
vet ej
158
vet ej
finns ej
vet ej
346
finns ej
vet ej
vet ej
finns ej
vet ej
vet ej
vet ej
vet ej
vet ej
finns ej
vet ej
finns ej
387
finns ej
vet ej
vet ej
vet ej
finns ej
vet ej
vet ej
vet ej
vet ej
vet ej
306
finns ej
vet ej
vet ej
vet ej
185
vet ej
vet ej
vet ej
finns ej
vet ej
finns ej
vet ej
vet ej
vet ej
vet ej
vet ej
vet ej
finns ej
vet ej
398
vet ej
vet ej
491
vet ej
vet ej
vet ej
vet ej
vet ej
vet ej
finns ej
vet ej
349
finns ej
vet ej
vet ej
vet ej
vet ej
finns ej
vet ej
vet ej
vet ej
vet ej
vet ej
vet ej
vet ej
vet ej
vet ej
vet ej
vet ej
vet ej
vet ej
vet ej
vet ej
vet ej
vet ej
finns ej
vet ej
vet ej
finns ej
vet ej
vet ej
vet ej
finns ej
vet ej
vet ej
vet ej
vet ej
vet ej
finns ej
vet ej
vet ej
finns ej
vet ej
vet ej
vet ej
vet ej
vet ej
vet ej
vet ej
vet ej
vet ej
finns ej
vet ej
vet ej
vet ej
vet ej
vet ej
vet ej
vet ej
vet ej
vet ej
vet ej
vet ej
vet ej
vet ej
vet ej
finns ej
vet ej
vet ej
vet ej
vet ej
vet ej
finns ej
vet ej
vet ej
vet ej
vet ej
finns ej
vet ej
vet ej
vet ej
finns ej
vet ej
vet ej
vet ej
vet ej
vet ej
vet ej
vet ej
228
vet ej
vet ej
vet ej
vet ej
vet ej
335
vet ej
vet ej
vet ej
vet ej
vet ej
vet ej
32
vet ej
vet ej
finns ej
vet ej
vet ej
vet ej
finns ej
vet ej
vet ej
vet ej
vet ej
vet ej
finns ej
vet ej
vet ej
vet ej
finns ej
finns ej
vet ej
vet ej
vet ej
vet ej
vet ej
vet ej
vet ej
vet ej
267
vet ej
vet ej
vet ej
finns ej
vet ej
vet ej
69
finns ej
vet ej
finns ej
vet ej
vet ej
vet ej
vet ej
vet ej
finns ej
vet ej
vet ej
vet ej
vet ej
vet ej
vet ej
vet ej
vet ej
vet ej
finns ej
vet ej
vet ej
vet ej
vet ej
185
vet ej
vet ej
vet ej
finns ej
vet ej
vet ej
vet ej
vet ej
vet ej
vet ej
finns ej
vet ej
vet ej
vet ej
vet ej
vet ej
449
vet ej
vet ej
vet ej
vet ej
vet ej
finns ej
vet ej
finns ej
vet ej
vet ej
vet ej
441
vet ej
vet ej
finns ej
vet ej
vet ej
vet ej
vet ej
vet ej
finns ej
vet ej
vet ej
vet ej
vet ej
vet ej
32
449
vet ej
vet ej
vet ej
finns ej
vet ej
finns ej
vet ej
370
vet ej
153
vet ej
vet ej
vet ej
49
vet ej
finns ej
vet ej
vet ej
vet ej
vet ej
vet ej
vet ej
vet ej
vet ej
vet ej
vet ej
vet ej
vet ej
vet ej
vet ej
vet ej
vet ej
vet ej
vet ej
vet ej
vet ej
finns ej
vet ej
finns ej
303
vet ej
vet ej
vet ej
vet ej
vet ej
vet ej
finns ej
vet ej
vet ej
vet ej
vet ej
vet ej
vet ej
vet ej
vet ej
vet ej
vet ej
vet ej
vet ej
finns ej
vet ej
finns ej
vet ej
finns ej
vet ej
vet ej
vet ej
vet ej
vet ej
finns ej
143
vet ej
finns ej
vet ej
vet ej
vet ej
vet ej
vet ej
vet ej
finns ej
vet ej
finns ej
vet ej
vet ej
vet ej
vet ej
vet ej
finns ej
vet ej
375
vet ej
finns ej
finns ej
finns ej
vet ej
finns ej
vet ej
finns ej
finns ej
vet ej
vet ej
finns ej
vet ej
vet ej
vet ej
vet ej
vet ej
440
vet ej
vet ej
vet ej
vet ej
vet ej
vet ej
vet ej
202
finns ej
vet ej
finns ej
vet ej
158
vet ej
vet ej
finns ej
vet ej
vet ej
finns ej
vet ej
vet ej
vet ej
vet ej
finns ej
vet ej
vet ej
finns ej
vet ej
vet ej
vet ej
vet ej
finns ej
141
vet ej
vet ej
vet ej
finns ej
356
finns ej
vet ej
finns ej
vet ej
vet ej
vet ej
finns ej
vet ej
vet ej
vet ej
finns ej
finns ej
finns ej
vet ej
vet ej
finns ej
vet ej
finns ej
vet ej
vet ej
vet ej
vet ej
vet ej
vet ej
vet ej
vet ej
vet ej
vet ej
vet ej
vet ej
vet ej
130
vet ej
vet ej
vet ej
vet ej
vet ej
vet ej
422
vet ej
vet ej
finns ej
vet ej
306
vet ej
vet ej
finns ej
finns ej
vet ej
vet ej
vet ej
vet ej
vet ej
vet ej
vet ej
vet ej
vet ej
71
vet ej
vet ej
vet ej
vet ej
42
438
vet ej
vet ej
vet ej
vet ej
finns ej
302
finns ej
vet ej
vet ej
vet ej
finns ej
303
vet ej
vet ej
vet ej
vet ej
vet ej
finns ej
vet ej
vet ej
vet ej
vet ej
83
vet ej
vet ej
vet ej
finns ej
vet ej
vet ej
vet ej
finns ej
vet ej
vet ej
vet ej
vet ej
finns ej
vet ej
vet ej
449
vet ej
vet ej
vet ej
finns ej
finns ej
vet ej
vet ej
vet ej
vet ej
281
vet ej
vet ej
vet ej
finns ej
vet ej
vet ej
finns ej
vet ej
vet ej
vet ej
finns ej
vet ej
vet ej
vet ej
vet ej
vet ej
finns ej
vet ej
32
181
131
263
vet ej
finns ej
vet ej
finns ej
vet ej
vet ej
vet ej
vet ej
finns ej
vet ej
finns ej
vet ej
264
vet ej
vet ej
vet ej
vet ej
vet ej
vet ej
vet ej
vet ej
vet ej
vet ej
vet ej
vet ej
vet ej
vet ej
vet ej
vet ej
vet ej
vet ej
finns ej
26
vet ej
finns ej
449
vet ej
finns ej
vet ej
vet ej
vet ej
finns ej
vet ej
vet ej
vet ej
finns ej
vet ej
vet ej
vet ej
vet ej
vet ej
vet ej
vet ej
finns ej
303
vet ej
finns ej
65
vet ej
vet ej
vet ej
vet ej
vet ej
finns ej
vet ej
vet ej
vet ej
vet ej
vet ej
vet ej
vet ej
vet ej
finns ej
finns ej
vet ej
34
vet ej
vet ej
vet ej
finns ej
vet ej
finns ej
finns ej
finns ej
vet ej
vet ej
vet ej
134
vet ej
vet ej
finns ej
259
vet ej
vet ej
vet ej
vet ej
179
vet ej
26
vet ej
vet ej
vet ej
26
vet ej
finns ej
vet ej
vet ej
vet ej
vet ej
finns ej
vet ej
vet ej
vet ej
vet ej
vet ej
vet ej
vet ej
vet ej
vet ej
vet ej
finns ej
73
vet ej
vet ej
vet ej
vet ej
vet ej
finns ej
finns ej
vet ej
finns ej
vet ej
finns ej
vet ej
finns ej
finns ej
303
vet ej
vet ej
vet ej
finns ej
vet ej
vet ej
vet ej
finns ej
vet ej
vet ej
vet ej
vet ej
vet ej
vet ej
vet ej
vet ej
vet ej
vet ej
vet ej
vet ej
110
vet ej
vet ej
vet ej
vet ej
436
vet ej
vet ej
finns ej
422
vet ej
vet ej
vet ej
finns ej
vet ej
vet ej
346
vet ej
vet ej
vet ej
vet ej
246
vet ej
vet ej
vet ej
vet ej
vet ej
vet ej
finns ej
vet ej
finns ej
318
vet ej
vet ej
vet ej
375
vet ej
vet ej
vet ej
finns ej
vet ej
vet ej
vet ej
vet ej
vet ej
vet ej
vet ej
vet ej
vet ej
vet ej
vet ej
finns ej
finns ej
498
292
110
vet ej
finns ej
vet ej
169
vet ej
vet ej
vet ej
vet ej
vet ej
vet ej
finns ej
vet ej
vet ej
vet ej
vet ej
vet ej
vet ej
vet ej
26
vet ej
vet ej
vet ej
vet ej
vet ej
vet ej
vet ej
vet ej
vet ej
vet ej
vet ej
vet ej
finns ej
vet ej
vet ej
vet ej
vet ej
vet ej
finns ej
vet ej
179
finns ej
vet ej
vet ej
vet ej
vet ej
vet ej
vet ej
vet ej
vet ej
finns ej
vet ej
vet ej
vet ej
vet ej
finns ej
vet ej
finns ej
vet ej
vet ej
finns ej
vet ej
vet ej
vet ej
vet ej
vet ej
vet ej
vet ej
vet ej
vet ej
finns ej
vet ej
vet ej
vet ej
finns ej
vet ej
vet ej
vet ej
vet ej
finns ej
vet ej
