vet ej
vet ej
vet ej
vet ej
vet ej
finns ej
vet ej
vet ej
vet ej
finns ej
vet ej
vet ej
vet ej
vet ej
finns ej
vet ej
vet ej
vet ej
vet ej
89
vet ej
vet ej
vet ej
vet ej
vet ej
264
vet ej
vet ej
finns ej
vet ej
vet ej
vet ej
vet ej
vet ej
881
vet ej
vet ej
vet ej
vet ej
vet ej
vet ej
vet ej
vet ej
vet ej
502
vet ej
vet ej
vet ej
vet ej
vet ej
944
vet ej
vet ej
finns ej
vet ej
vet ej
456
vet ej
vet ej
vet ej
vet ej
vet ej
vet ej
vet ej
vet ej
vet ej
vet ej
vet ej
finns ej
vet ej
vet ej
vet ej
vet ej
vet ej
vet ej
vet ej
vet ej
vet ej
vet ej
vet ej
vet ej
vet ej
vet ej
finns ej
finns ej
vet ej
vet ej
vet ej
vet ej
vet ej
vet ej
vet ej
vet ej
vet ej
vet ej
vet ej
530
vet ej
vet ej
vet ej
vet ej
vet ej
vet ej
vet ej
vet ej
vet ej
vet ej
vet ej
vet ej
vet ej
vet ej
vet ej
vet ej
347
vet ej
vet ej
vet ej
vet ej
vet ej
vet ej
vet ej
vet ej
vet ej
vet ej
vet ej
959
vet ej
vet ej
vet ej
vet ej
vet ej
vet ej
671
602
vet ej
vet ej
vet ej
vet ej
finns ej
vet ej
vet ej
vet ej
vet ej
finns ej
vet ej
vet ej
vet ej
vet ej
vet ej
vet ej
finns ej
finns ej
777
finns ej
vet ej
vet ej
vet ej
vet ej
vet ej
vet ej
vet ej
vet ej
vet ej
vet ej
vet ej
456
vet ej
finns ej
vet ej
finns ej
finns ej
vet ej
vet ej
vet ej
vet ej
vet ej
vet ej
117
vet ej
vet ej
vet ej
vet ej
vet ej
vet ej
vet ej
vet ej
vet ej
vet ej
vet ej
vet ej
vet ej
finns ej
vet ej
vet ej
vet ej
vet ej
vet ej
vet ej
vet ej
vet ej
vet ej
vet ej
vet ej
finns ej
vet ej
vet ej
vet ej
84
vet ej
vet ej
vet ej
finns ej
vet ej
vet ej
vet ej
vet ej
vet ej
vet ej
447
vet ej
vet ej
vet ej
285
vet ej
finns ej
vet ej
vet ej
vet ej
vet ej
vet ej
vet ej
vet ej
vet ej
vet ej
vet ej
vet ej
vet ej
vet ej
vet ej
vet ej
finns ej
911
vet ej
vet ej
578
vet ej
vet ej
vet ej
finns ej
vet ej
vet ej
vet ej
vet ej
vet ej
vet ej
finns ej
vet ej
finns ej
vet ej
vet ej
vet ej
vet ej
vet ej
vet ej
vet ej
vet ej
vet ej
vet ej
vet ej
vet ej
vet ej
vet ej
vet ej
vet ej
vet ej
342
21
vet ej
vet ej
vet ej
vet ej
vet ej
vet ej
vet ej
vet ej
163
944
vet ej
vet ej
vet ej
vet ej
finns ej
vet ej
498
vet ej
vet ej
vet ej
vet ej
vet ej
vet ej
vet ej
vet ej
vet ej
vet ej
vet ej
911
vet ej
777
vet ej
vet ej
vet ej
vet ej
vet ej
finns ej
vet ej
vet ej
928
vet ej
vet ej
vet ej
vet ej
vet ej
vet ej
vet ej
vet ej
vet ej
vet ej
vet ej
finns ej
vet ej
vet ej
vet ej
vet ej
vet ej
vet ej
990
vet ej
vet ej
vet ej
vet ej
vet ej
vet ej
vet ej
vet ej
vet ej
vet ej
vet ej
vet ej
911
vet ej
371
vet ej
vet ej
finns ej
vet ej
vet ej
vet ej
vet ej
vet ej
vet ej
vet ej
finns ej
vet ej
vet ej
vet ej
vet ej
vet ej
vet ej
990
vet ej
vet ej
finns ej
vet ej
vet ej
vet ej
finns ej
vet ej
371
vet ej
vet ej
vet ej
finns ej
vet ej
vet ej
vet ej
vet ej
vet ej
vet ej
vet ej
vet ej
vet ej
finns ej
vet ej
vet ej
vet ej
501
vet ej
vet ej
vet ej
vet ej
vet ej
456
finns ej
vet ej
vet ej
vet ej
finns ej
vet ej
76
vet ej
vet ej
660
vet ej
vet ej
vet ej
vet ej
vet ej
vet ej
vet ej
vet ej
807
vet ej
vet ej
vet ej
vet ej
vet ej
vet ej
vet ej
51
vet ej
vet ej
finns ej
vet ej
vet ej
vet ej
vet ej
vet ej
vet ej
vet ej
vet ej
vet ej
vet ej
vet ej
vet ej
vet ej
vet ej
vet ej
finns ej
vet ej
finns ej
finns ej
vet ej
vet ej
vet ej
vet ej
vet ej
vet ej
vet ej
vet ej
vet ej
vet ej
vet ej
finns ej
vet ej
vet ej
vet ej
vet ej
vet ej
342
vet ej
vet ej
vet ej
vet ej
vet ej
vet ej
456
finns ej
vet ej
vet ej
vet ej
vet ej
vet ej
vet ej
vet ej
vet ej
vet ej
vet ej
vet ej
vet ej
vet ej
vet ej
vet ej
vet ej
vet ej
vet ej
vet ej
659
finns ej
vet ej
vet ej
vet ej
vet ej
vet ej
vet ej
vet ej
vet ej
vet ej
vet ej
vet ej
vet ej
vet ej
vet ej
vet ej
vet ej
vet ej
finns ej
vet ej
vet ej
vet ej
vet ej
vet ej
vet ej
vet ej
vet ej
vet ej
vet ej
finns ej
vet ej
vet ej
vet ej
vet ej
vet ej
306
finns ej
vet ej
vet ej
vet ej
vet ej
vet ej
vet ej
vet ej
vet ej
vet ej
vet ej
448
vet ej
vet ej
vet ej
vet ej
925
vet ej
657
vet ej
vet ej
vet ej
vet ej
vet ej
vet ej
999
vet ej
vet ej
vet ej
finns ej
119
vet ej
finns ej
vet ej
vet ej
vet ej
vet ej
vet ej
vet ej
vet ej
vet ej
vet ej
finns ej
vet ej
vet ej
vet ej
vet ej
vet ej
finns ej
vet ej
vet ej
finns ej
vet ej
vet ej
vet ej
vet ej
vet ej
vet ej
vet ej
261
vet ej
vet ej
vet ej
finns ej
vet ej
vet ej
vet ej
vet ej
vet ej
76
vet ej
vet ej
vet ej
vet ej
vet ej
vet ej
vet ej
finns ej
vet ej
vet ej
vet ej
vet ej
vet ej
vet ej
vet ej
vet ej
vet ej
vet ej
vet ej
vet ej
86
vet ej
vet ej
vet ej
vet ej
vet ej
vet ej
vet ej
vet ej
975
vet ej
vet ej
vet ej
vet ej
vet ej
vet ej
finns ej
vet ej
vet ej
vet ej
260
vet ej
vet ej
vet ej
vet ej
vet ej
vet ej
vet ej
vet ej
vet ej
vet ej
vet ej
vet ej
finns ej
finns ej
vet ej
vet ej
vet ej
vet ej
717
vet ej
vet ej
vet ej
vet ej
vet ej
vet ej
vet ej
vet ej
vet ej
vet ej
vet ej
vet ej
vet ej
vet ej
vet ej
vet ej
vet ej
finns ej
finns ej
vet ej
vet ej
vet ej
114
vet ej
vet ej
vet ej
finns ej
vet ej
vet ej
vet ej
finns ej
vet ej
vet ej
vet ej
vet ej
vet ej
vet ej
vet ej
279
vet ej
vet ej
vet ej
vet ej
vet ej
vet ej
vet ej
vet ej
vet ej
vet ej
vet ej
vet ej
vet ej
vet ej
602
vet ej
vet ej
vet ej
vet ej
vet ej
vet ej
vet ej
vet ej
vet ej
vet ej
vet ej
finns ej
vet ej
vet ej
vet ej
vet ej
vet ej
vet ej
vet ej
vet ej
vet ej
finns ej
vet ej
vet ej
vet ej
vet ej
vet ej
vet ej
vet ej
finns ej
vet ej
vet ej
vet ej
vet ej
vet ej
vet ej
finns ej
vet ej
finns ej
vet ej
vet ej
vet ej
finns ej
finns ej
vet ej
vet ej
vet ej
613
vet ej
vet ej
vet ej
vet ej
vet ej
vet ej
vet ej
vet ej
vet ej
vet ej
vet ej
vet ej
925
vet ej
vet ej
881
vet ej
vet ej
vet ej
vet ej
vet ej
vet ej
vet ej
vet ej
vet ej
vet ej
vet ej
vet ej
vet ej
vet ej
vet ej
vet ej
vet ej
vet ej
vet ej
vet ej
vet ej
vet ej
163
vet ej
vet ej
vet ej
vet ej
vet ej
vet ej
vet ej
vet ej
vet ej
vet ej
finns ej
881
vet ej
vet ej
vet ej
vet ej
vet ej
vet ej
vet ej
717
vet ej
vet ej
vet ej
vet ej
vet ej
finns ej
vet ej
vet ej
vet ej
vet ej
finns ej
vet ej
881
199
vet ej
vet ej
vet ej
vet ej
finns ej
vet ej
vet ej
vet ej
vet ej
vet ej
vet ej
vet ej
vet ej
726
vet ej
vet ej
finns ej
vet ej
vet ej
vet ej
vet ej
vet ej
finns ej
vet ej
vet ej
vet ej
vet ej
vet ej
vet ej
finns ej
vet ej
vet ej
vet ej
vet ej
72
vet ej
vet ej
vet ej
vet ej
vet ej
vet ej
vet ej
vet ej
vet ej
vet ej
vet ej
vet ej
vet ej
vet ej
vet ej
finns ej
vet ej
vet ej
vet ej
vet ej
vet ej
finns ej
vet ej
vet ej
vet ej
vet ej
vet ej
finns ej
vet ej
vet ej
vet ej
finns ej
vet ej
vet ej
vet ej
vet ej
vet ej
vet ej
vet ej
vet ej
vet ej
vet ej
vet ej
vet ej
vet ej
vet ej
vet ej
finns ej
vet ej
vet ej
vet ej
vet ej
vet ej
vet ej
vet ej
vet ej
vet ej
vet ej
vet ej
vet ej
vet ej
532
vet ej
vet ej
vet ej
vet ej
vet ej
503
vet ej
vet ej
vet ej
vet ej
vet ej
finns ej
vet ej
vet ej
vet ej
vet ej
vet ej
vet ej
vet ej
vet ej
vet ej
vet ej
vet ej
vet ej
vet ej
finns ej
652
vet ej
finns ej
vet ej
252
finns ej
vet ej
vet ej
vet ej
vet ej
vet ej
vet ej
vet ej
vet ej
finns ej
vet ej
664
vet ej
vet ej
finns ej
vet ej
finns ej
vet ej
vet ej
vet ej
vet ej
vet ej
vet ej
vet ej
finns ej
vet ej
vet ej
vet ej
finns ej
vet ej
vet ej
vet ej
vet ej
456
